// Jest Snapshot v1, https://goo.gl/fbAQLP

exports[`Renders when there are posts to show 1`] = `<div />`;
